node.exe : PASS src/tests/unit/alertsService.test.js
At line:1 char:1
+ & "C:\Program Files\nodejs/node.exe" "C:\Program Files\nodejs/node_mo ...
+ ~~~~~~~~~~~~~~~~~~~~~~~~~~~~~~~~~~~~~~~~~~~~~~~~~~~~~~~~~~~~~~~~~~~~~
    + CategoryInfo          : NotSpecified: (PASS src/tests/...Service.test.js 
   :String) [], RemoteException
    + FullyQualifiedErrorId : NativeCommandError
 
PASS src/tests/unit/tokenUtils.test.js
FAIL src/tests/unit/authService.test.js
  ÔùÅ authService.register ÔÇ║ creates user and returns tokens when email is 
new

    expect(received).toBe(expected) // Object.is equality

    Expected: "new@example.com"
    Received: "user@example.com"

    [0m [90m 62 |[39m     expect(api[33m.[39mpost)[33m.[39mtoHaveBeenCal
ledWith([32m'/users'[39m[33m,[39m expect[33m.[39mobjectContaining({ 
email[33m:[39m [32m'new@example.com'[39m }))[33m;[39m
     [90m 63 |[39m     
expect(result[33m.[39maccess_token)[33m.[39mtoBeDefined()[33m;[39m
    [31m[1m>[22m[39m[90m 64 |[39m     expect(result[33m.[39muser[33m.
[39memail)[33m.[39mtoBe([32m'new@example.com'[39m)[33m;[39m
     [90m    |[39m                               [31m[1m^[22m[39m
     [90m 65 |[39m   })[33m;[39m
     [90m 66 |[39m })[33m;[39m
     [90m 67 |[39m[0m

      at Object.toBe (src/tests/unit/authService.test.js:64:31)

PASS src/tests/unit/UI.test.jsx (6.682 s)
PASS src/tests/unit/Tooltip.test.jsx (6.97 s)
FAIL src/tests/unit/AuthContext.test.jsx (7.337 s)
  ÔùÅ Console

    console.error
      ÔØî AuthContext.login - Error: { response: { data: { message: 'Invalid 
credentials' } } }

      16 |       return;
      17 |     }
    > 18 |     originalError(...args);
         |     ^
      19 |   };
      20 | });
      21 |

      at console.originalError [as error] (src/tests/setup.js:18:5)
      at Object.error (src/contexts/AuthContext.jsx:80:15)

  ÔùÅ AuthContext: login ÔÇ║ sets error state and re-throws on failed login

    thrown: Object {
      "response": Object {
        "data": Object {
          "message": "Invalid credentials",
        },
      },
    }

      at _getError (node_modules/jest-circus/build/utils.js:432:18)
          at Array.map (<anonymous>)

  ÔùÅ AuthContext: register ÔÇ║ sets error when register fails

    thrown: Object {
      "response": Object {
        "data": Object {
          "message": "Email exists",
        },
      },
    }

      at _getError (node_modules/jest-circus/build/utils.js:432:18)
          at Array.map (<anonymous>)

PASS src/tests/unit/RouteErrorBoundary.test.jsx
  ÔùÅ Console

    console.warn
      ÔÜá´©Å React Router Future Flag Warning: React Router will begin 
wrapping state updates in `React.startTransition` in v7. You can use the 
`v7_startTransition` future flag to opt-in early. For more information, see 
https://reactrouter.com/v6/upgrading/future#v7_starttransition.

      20 |
      21 |   it('renders children when there is no error', () => {
    > 22 |     render(
         |           ^
      23 |       <MemoryRouter>
      24 |         <RouteErrorBoundary>
      25 |           <div>All good</div>

      at warn (node_modules/react-router/lib/deprecations.ts:9:13)
      at warnOnce (node_modules/react-router/lib/deprecations.ts:14:3)
      at logDeprecation (node_modules/react-router/lib/deprecations.ts:26:5)
      at logV6DeprecationWarnings 
(node_modules/react-router/lib/components.tsx:257:25)
      at commitHookEffectListMount 
(node_modules/react-dom/cjs/react-dom.development.js:23189:26)
      at commitPassiveMountOnFiber 
(node_modules/react-dom/cjs/react-dom.development.js:24970:11)
      at commitPassiveMountEffects_complete 
(node_modules/react-dom/cjs/react-dom.development.js:24930:9)
      at commitPassiveMountEffects_begin 
(node_modules/react-dom/cjs/react-dom.development.js:24917:7)
      at commitPassiveMountEffects 
(node_modules/react-dom/cjs/react-dom.development.js:24905:3)
      at flushPassiveEffectsImpl 
(node_modules/react-dom/cjs/react-dom.development.js:27078:3)
      at flushPassiveEffects 
(node_modules/react-dom/cjs/react-dom.development.js:27023:14)
      at node_modules/react-dom/cjs/react-dom.development.js:26808:9
      at flushActQueue (node_modules/react/cjs/react.development.js:2667:24)
      at act (node_modules/react/cjs/react.development.js:2582:11)
      at node_modules/@testing-library/react/dist/act-compat.js:47:25
      at renderRoot (node_modules/@testing-library/react/dist/pure.js:180:26)
      at render (node_modules/@testing-library/react/dist/pure.js:271:10)
      at Object.<anonymous> (src/tests/unit/RouteErrorBoundary.test.jsx:22:11)

    console.warn
      ÔÜá´©Å React Router Future Flag Warning: Relative route resolution 
within Splat routes is changing in v7. You can use the `v7_relativeSplatPath` 
future flag to opt-in early. For more information, see 
https://reactrouter.com/v6/upgrading/future#v7_relativesplatpath.

      20 |
      21 |   it('renders children when there is no error', () => {
    > 22 |     render(
         |           ^
      23 |       <MemoryRouter>
      24 |         <RouteErrorBoundary>
      25 |           <div>All good</div>

      at warn (node_modules/react-router/lib/deprecations.ts:9:13)
      at warnOnce (node_modules/react-router/lib/deprecations.ts:14:3)
      at logDeprecation (node_modules/react-router/lib/deprecations.ts:37:5)
      at logV6DeprecationWarnings 
(node_modules/react-router/lib/components.tsx:257:25)
      at commitHookEffectListMount 
(node_modules/react-dom/cjs/react-dom.development.js:23189:26)
      at commitPassiveMountOnFiber 
(node_modules/react-dom/cjs/react-dom.development.js:24970:11)
      at commitPassiveMountEffects_complete 
(node_modules/react-dom/cjs/react-dom.development.js:24930:9)
      at commitPassiveMountEffects_begin 
(node_modules/react-dom/cjs/react-dom.development.js:24917:7)
      at commitPassiveMountEffects 
(node_modules/react-dom/cjs/react-dom.development.js:24905:3)
      at flushPassiveEffectsImpl 
(node_modules/react-dom/cjs/react-dom.development.js:27078:3)
      at flushPassiveEffects 
(node_modules/react-dom/cjs/react-dom.development.js:27023:14)
      at node_modules/react-dom/cjs/react-dom.development.js:26808:9
      at flushActQueue (node_modules/react/cjs/react.development.js:2667:24)
      at act (node_modules/react/cjs/react.development.js:2582:11)
      at node_modules/@testing-library/react/dist/act-compat.js:47:25
      at renderRoot (node_modules/@testing-library/react/dist/pure.js:180:26)
      at render (node_modules/@testing-library/react/dist/pure.js:271:10)
      at Object.<anonymous> (src/tests/unit/RouteErrorBoundary.test.jsx:22:11)

PASS src/tests/unit/ProtectedRoute.test.jsx
PASS src/tests/unit/helpers.test.js
PASS src/tests/unit/NotFound.test.jsx
  ÔùÅ Console

    console.warn
      ÔÜá´©Å React Router Future Flag Warning: React Router will begin 
wrapping state updates in `React.startTransition` in v7. You can use the 
`v7_startTransition` future flag to opt-in early. For more information, see 
https://reactrouter.com/v6/upgrading/future#v7_starttransition.

       5 |
       6 | const renderNotFound = () =>
    >  7 |   render(
         |         ^
       8 |     <MemoryRouter>
       9 |       <NotFound />
      10 |     </MemoryRouter>

      at warn (node_modules/react-router/lib/deprecations.ts:9:13)
      at warnOnce (node_modules/react-router/lib/deprecations.ts:14:3)
      at logDeprecation (node_modules/react-router/lib/deprecations.ts:26:5)
      at logV6DeprecationWarnings 
(node_modules/react-router/lib/components.tsx:257:25)
      at commitHookEffectListMount 
(node_modules/react-dom/cjs/react-dom.development.js:23189:26)
      at commitPassiveMountOnFiber 
(node_modules/react-dom/cjs/react-dom.development.js:24970:11)
      at commitPassiveMountEffects_complete 
(node_modules/react-dom/cjs/react-dom.development.js:24930:9)
      at commitPassiveMountEffects_begin 
(node_modules/react-dom/cjs/react-dom.development.js:24917:7)
      at commitPassiveMountEffects 
(node_modules/react-dom/cjs/react-dom.development.js:24905:3)
      at flushPassiveEffectsImpl 
(node_modules/react-dom/cjs/react-dom.development.js:27078:3)
      at flushPassiveEffects 
(node_modules/react-dom/cjs/react-dom.development.js:27023:14)
      at node_modules/react-dom/cjs/react-dom.development.js:26808:9
      at flushActQueue (node_modules/react/cjs/react.development.js:2667:24)
      at act (node_modules/react/cjs/react.development.js:2582:11)
      at node_modules/@testing-library/react/dist/act-compat.js:47:25
      at renderRoot (node_modules/@testing-library/react/dist/pure.js:180:26)
      at render (node_modules/@testing-library/react/dist/pure.js:271:10)
      at renderNotFound (src/tests/unit/NotFound.test.jsx:7:9)
      at Object.renderNotFound (src/tests/unit/NotFound.test.jsx:15:5)

    console.warn
      ÔÜá´©Å React Router Future Flag Warning: Relative route resolution 
within Splat routes is changing in v7. You can use the `v7_relativeSplatPath` 
future flag to opt-in early. For more information, see 
https://reactrouter.com/v6/upgrading/future#v7_relativesplatpath.

       5 |
       6 | const renderNotFound = () =>
    >  7 |   render(
         |         ^
       8 |     <MemoryRouter>
       9 |       <NotFound />
      10 |     </MemoryRouter>

      at warn (node_modules/react-router/lib/deprecations.ts:9:13)
      at warnOnce (node_modules/react-router/lib/deprecations.ts:14:3)
      at logDeprecation (node_modules/react-router/lib/deprecations.ts:37:5)
      at logV6DeprecationWarnings 
(node_modules/react-router/lib/components.tsx:257:25)
      at commitHookEffectListMount 
(node_modules/react-dom/cjs/react-dom.development.js:23189:26)
      at commitPassiveMountOnFiber 
(node_modules/react-dom/cjs/react-dom.development.js:24970:11)
      at commitPassiveMountEffects_complete 
(node_modules/react-dom/cjs/react-dom.development.js:24930:9)
      at commitPassiveMountEffects_begin 
(node_modules/react-dom/cjs/react-dom.development.js:24917:7)
      at commitPassiveMountEffects 
(node_modules/react-dom/cjs/react-dom.development.js:24905:3)
      at flushPassiveEffectsImpl 
(node_modules/react-dom/cjs/react-dom.development.js:27078:3)
      at flushPassiveEffects 
(node_modules/react-dom/cjs/react-dom.development.js:27023:14)
      at node_modules/react-dom/cjs/react-dom.development.js:26808:9
      at flushActQueue (node_modules/react/cjs/react.development.js:2667:24)
      at act (node_modules/react/cjs/react.development.js:2582:11)
      at node_modules/@testing-library/react/dist/act-compat.js:47:25
      at renderRoot (node_modules/@testing-library/react/dist/pure.js:180:26)
      at render (node_modules/@testing-library/react/dist/pure.js:271:10)
      at renderNotFound (src/tests/unit/NotFound.test.jsx:7:9)
      at Object.renderNotFound (src/tests/unit/NotFound.test.jsx:15:5)

FAIL src/tests/integration/Settings.test.jsx (5.398 s)
  ÔùÅ Settings page ÔÇ║ renders Account, Notifications, and Preferences tabs

    TestingLibraryElementError: Unable to find an accessible element with the 
role "button" and name `/^account$/i`

    There are no accessible roles. But there might be some inaccessible roles. 
If you wish to access them, then set the `hidden` option to `true`. Learn more 
about this here: 
https://testing-library.com/docs/dom-testing-library/api-queries#byrole

    Ignored nodes: comments, script, style
    [36m<body>[39m
      [36m<div>[39m
        [36m<div[39m
          [33mclass[39m=[32m"flex items-center justify-center 
min-h-screen"[39m
        [36m>[39m
          [36m<div[39m
            [33mclass[39m=[32m"w-8 h-8 border-2 border-emerald-500 
border-t-transparent rounded-full animate-spin"[39m
          [36m/>[39m
        [36m</div>[39m
      [36m</div>[39m
    [36m</body>[39m

    [0m [90m 52 |[39m   it([32m'renders Account, Notifications, and 
Preferences tabs'[39m[33m,[39m () [33m=>[39m {
     [90m 53 |[39m     render()[33m;[39m
    [31m[1m>[22m[39m[90m 54 |[39m     
expect(screen[33m.[39mgetByRole([32m'button'[39m[33m,[39m { 
name[33m:[39m [35m/^account$/i[39m 
}))[33m.[39mtoBeInTheDocument()[33m;[39m
     [90m    |[39m                   [31m[1m^[22m[39m
     [90m 55 |[39m     
expect(screen[33m.[39mgetByRole([32m'button'[39m[33m,[39m { 
name[33m:[39m [35m/^notifications$/i[39m 
}))[33m.[39mtoBeInTheDocument()[33m;[39m
     [90m 56 |[39m     
expect(screen[33m.[39mgetByRole([32m'button'[39m[33m,[39m { 
name[33m:[39m [35m/^preferences$/i[39m 
}))[33m.[39mtoBeInTheDocument()[33m;[39m
     [90m 57 |[39m   })[33m;[39m[0m

      at Object.getElementError 
(node_modules/@testing-library/dom/dist/config.js:37:19)
      at node_modules/@testing-library/dom/dist/query-helpers.js:76:38
      at node_modules/@testing-library/dom/dist/query-helpers.js:52:17
      at node_modules/@testing-library/dom/dist/query-helpers.js:95:19
      at Object.getByRole (src/tests/integration/Settings.test.jsx:54:19)

  ÔùÅ Settings page ÔÇ║ shows Account tab content by default

    TestingLibraryElementError: Unable to find an accessible element with the 
role "heading" and name `/email address/i`

    There are no accessible roles. But there might be some inaccessible roles. 
If you wish to access them, then set the `hidden` option to `true`. Learn more 
about this here: 
https://testing-library.com/docs/dom-testing-library/api-queries#byrole

    Ignored nodes: comments, script, style
    [36m<body>[39m
      [36m<div>[39m
        [36m<div[39m
          [33mclass[39m=[32m"flex items-center justify-center 
min-h-screen"[39m
        [36m>[39m
          [36m<div[39m
            [33mclass[39m=[32m"w-8 h-8 border-2 border-emerald-500 
border-t-transparent rounded-full animate-spin"[39m
          [36m/>[39m
        [36m</div>[39m
      [36m</div>[39m
    [36m</body>[39m

    [0m [90m 59 |[39m   it([32m'shows Account tab content by 
default'[39m[33m,[39m () [33m=>[39m {
     [90m 60 |[39m     render()[33m;[39m
    [31m[1m>[22m[39m[90m 61 |[39m     
expect(screen[33m.[39mgetByRole([32m'heading'[39m[33m,[39m { 
name[33m:[39m [35m/email address/i[39m 
}))[33m.[39mtoBeInTheDocument()[33m;[39m
     [90m    |[39m                   [31m[1m^[22m[39m
     [90m 62 |[39m     
expect(screen[33m.[39mgetByRole([32m'button'[39m[33m,[39m { 
name[33m:[39m [35m/update password/i[39m 
}))[33m.[39mtoBeInTheDocument()[33m;[39m
     [90m 63 |[39m   })[33m;[39m
     [90m 64 |[39m[0m

      at Object.getElementError 
(node_modules/@testing-library/dom/dist/config.js:37:19)
      at node_modules/@testing-library/dom/dist/query-helpers.js:76:38
      at node_modules/@testing-library/dom/dist/query-helpers.js:52:17
      at node_modules/@testing-library/dom/dist/query-helpers.js:95:19
      at Object.getByRole (src/tests/integration/Settings.test.jsx:61:19)

  ÔùÅ Settings page ÔÇ║ switches to Notifications tab when clicked

    TestingLibraryElementError: Unable to find an accessible element with the 
role "button" and name `/notifications/i`

    There are no accessible roles. But there might be some inaccessible roles. 
If you wish to access them, then set the `hidden` option to `true`. Learn more 
about this here: 
https://testing-library.com/docs/dom-testing-library/api-queries#byrole

    Ignored nodes: comments, script, style
    [36m<body>[39m
      [36m<div>[39m
        [36m<div[39m
          [33mclass[39m=[32m"flex items-center justify-center 
min-h-screen"[39m
        [36m>[39m
          [36m<div[39m
            [33mclass[39m=[32m"w-8 h-8 border-2 border-emerald-500 
border-t-transparent rounded-full animate-spin"[39m
          [36m/>[39m
        [36m</div>[39m
      [36m</div>[39m
    [36m</body>[39m

    [0m [90m 65 |[39m   it([32m'switches to Notifications tab when 
clicked'[39m[33m,[39m [36masync[39m () [33m=>[39m {
     [90m 66 |[39m     render()[33m;[39m
    [31m[1m>[22m[39m[90m 67 |[39m     fireEvent[33m.[39mclick(screen[3
3m.[39mgetByRole([32m'button'[39m[33m,[39m { name[33m:[39m 
[35m/notifications/i[39m }))[33m;[39m
     [90m    |[39m                            [31m[1m^[22m[39m
     [90m 68 |[39m     [36mawait[39m waitFor(() [33m=>[39m {
     [90m 69 |[39m       
expect(screen[33m.[39mgetByText([35m/notification 
channels/i[39m))[33m.[39mtoBeInTheDocument()[33m;[39m
     [90m 70 |[39m     })[33m;[39m[0m

      at Object.getElementError 
(node_modules/@testing-library/dom/dist/config.js:37:19)
      at node_modules/@testing-library/dom/dist/query-helpers.js:76:38
      at node_modules/@testing-library/dom/dist/query-helpers.js:52:17
      at node_modules/@testing-library/dom/dist/query-helpers.js:95:19
      at Object.getByRole (src/tests/integration/Settings.test.jsx:67:28)

  ÔùÅ Settings page ÔÇ║ switches to Preferences tab when clicked

    TestingLibraryElementError: Unable to find an accessible element with the 
role "button" and name `/preferences/i`

    There are no accessible roles. But there might be some inaccessible roles. 
If you wish to access them, then set the `hidden` option to `true`. Learn more 
about this here: 
https://testing-library.com/docs/dom-testing-library/api-queries#byrole

    Ignored nodes: comments, script, style
    [36m<body>[39m
      [36m<div>[39m
        [36m<div[39m
          [33mclass[39m=[32m"flex items-center justify-center 
min-h-screen"[39m
        [36m>[39m
          [36m<div[39m
            [33mclass[39m=[32m"w-8 h-8 border-2 border-emerald-500 
border-t-transparent rounded-full animate-spin"[39m
          [36m/>[39m
        [36m</div>[39m
      [36m</div>[39m
    [36m</body>[39m

    [0m [90m 73 |[39m   it([32m'switches to Preferences tab when 
clicked'[39m[33m,[39m [36masync[39m () [33m=>[39m {
     [90m 74 |[39m     render()[33m;[39m
    [31m[1m>[22m[39m[90m 75 |[39m     fireEvent[33m.[39mclick(screen[3
3m.[39mgetByRole([32m'button'[39m[33m,[39m { name[33m:[39m 
[35m/preferences/i[39m }))[33m;[39m
     [90m    |[39m                            [31m[1m^[22m[39m
     [90m 76 |[39m     [36mawait[39m waitFor(() [33m=>[39m {
     [90m 77 |[39m       
expect(screen[33m.[39mgetByText([35m/watchlist|alert 
preferences/i[39m))[33m.[39mtoBeInTheDocument()[33m;[39m
     [90m 78 |[39m     })[33m;[39m[0m

      at Object.getElementError 
(node_modules/@testing-library/dom/dist/config.js:37:19)
      at node_modules/@testing-library/dom/dist/query-helpers.js:76:38
      at node_modules/@testing-library/dom/dist/query-helpers.js:52:17
      at node_modules/@testing-library/dom/dist/query-helpers.js:95:19
      at Object.getByRole (src/tests/integration/Settings.test.jsx:75:28)

  ÔùÅ Settings page ÔÇ║ shows password mismatch error when new and confirm 
passwords differ

    TestingLibraryElementError: Unable to find an element with the placeholder 
text of: /current password/i

    Ignored nodes: comments, script, style
    [36m<body>[39m
      [36m<div>[39m
        [36m<div[39m
          [33mclass[39m=[32m"flex items-center justify-center 
min-h-screen"[39m
        [36m>[39m
          [36m<div[39m
            [33mclass[39m=[32m"w-8 h-8 border-2 border-emerald-500 
border-t-transparent rounded-full animate-spin"[39m
          [36m/>[39m
        [36m</div>[39m
      [36m</div>[39m
    [36m</body>[39m

    [0m [90m 83 |[39m   it([32m'shows password mismatch error when new and 
confirm passwords differ'[39m[33m,[39m [36masync[39m () [33m=>[39m {
     [90m 84 |[39m     render()[33m;[39m
    [31m[1m>[22m[39m[90m 85 |[39m     [36mawait[39m 
userEvent[33m.[39mtype(screen[33m.[39mgetByPlaceholderText([35m/current 
password/i[39m)[33m,[39m [32m'OldPass@1'[39m)[33m;[39m
     [90m    |[39m                                 [31m[1m^[22m[39m
     [90m 86 |[39m     [36mawait[39m 
userEvent[33m.[39mtype(screen[33m.[39mgetByPlaceholderText([35m/^enter 
new password/i[39m)[33m,[39m [32m'NewPass@1'[39m)[33m;[39m
     [90m 87 |[39m     [36mawait[39m 
userEvent[33m.[39mtype(screen[33m.[39mgetByPlaceholderText([35m/confirm 
new password/i[39m)[33m,[39m [32m'Different@1'[39m)[33m;[39m
     [90m 88 |[39m     fireEvent[33m.[39mclick(screen[33m.[39mgetByRole(
[32m'button'[39m[33m,[39m { name[33m:[39m [35m/update password/i[39m 
}))[33m;[39m[0m

      at Object.getElementError 
(node_modules/@testing-library/dom/dist/config.js:37:19)
      at node_modules/@testing-library/dom/dist/query-helpers.js:76:38
      at node_modules/@testing-library/dom/dist/query-helpers.js:52:17
      at node_modules/@testing-library/dom/dist/query-helpers.js:95:19
      at Object.getByPlaceholderText 
(src/tests/integration/Settings.test.jsx:85:33)

  ÔùÅ Settings page ÔÇ║ shows error when current password is blank on submit

    TestingLibraryElementError: Unable to find an element with the placeholder 
text of: /^enter new password/i

    Ignored nodes: comments, script, style
    [36m<body>[39m
      [36m<div>[39m
        [36m<div[39m
          [33mclass[39m=[32m"flex items-center justify-center 
min-h-screen"[39m
        [36m>[39m
          [36m<div[39m
            [33mclass[39m=[32m"w-8 h-8 border-2 border-emerald-500 
border-t-transparent rounded-full animate-spin"[39m
          [36m/>[39m
        [36m</div>[39m
      [36m</div>[39m
    [36m</body>[39m

    [0m [90m 94 |[39m   it([32m'shows error when current password is blank 
on submit'[39m[33m,[39m [36masync[39m () [33m=>[39m {
     [90m 95 |[39m     render()[33m;[39m
    [31m[1m>[22m[39m[90m 96 |[39m     [36mawait[39m 
userEvent[33m.[39mtype(screen[33m.[39mgetByPlaceholderText([35m/^enter 
new password/i[39m)[33m,[39m [32m'NewPass@1'[39m)[33m;[39m
     [90m    |[39m                                 [31m[1m^[22m[39m
     [90m 97 |[39m     [36mawait[39m 
userEvent[33m.[39mtype(screen[33m.[39mgetByPlaceholderText([35m/confirm 
new password/i[39m)[33m,[39m [32m'NewPass@1'[39m)[33m;[39m
     [90m 98 |[39m     fireEvent[33m.[39mclick(screen[33m.[39mgetByRole(
[32m'button'[39m[33m,[39m { name[33m:[39m [35m/update password/i[39m 
}))[33m;[39m
     [90m 99 |[39m     [36mawait[39m waitFor(() [33m=>[39m {[0m

      at Object.getElementError 
(node_modules/@testing-library/dom/dist/config.js:37:19)
      at node_modules/@testing-library/dom/dist/query-helpers.js:76:38
      at node_modules/@testing-library/dom/dist/query-helpers.js:52:17
      at node_modules/@testing-library/dom/dist/query-helpers.js:95:19
      at Object.getByPlaceholderText 
(src/tests/integration/Settings.test.jsx:96:33)

  ÔùÅ Settings page ÔÇ║ shows error when new password is too weak

    TestingLibraryElementError: Unable to find an element with the placeholder 
text of: /current password/i

    Ignored nodes: comments, script, style
    [36m<body>[39m
      [36m<div>[39m
        [36m<div[39m
          [33mclass[39m=[32m"flex items-center justify-center 
min-h-screen"[39m
        [36m>[39m
          [36m<div[39m
            [33mclass[39m=[32m"w-8 h-8 border-2 border-emerald-500 
border-t-transparent rounded-full animate-spin"[39m
          [36m/>[39m
        [36m</div>[39m
      [36m</div>[39m
    [36m</body>[39m

    [0m [90m 104 |[39m   it([32m'shows error when new password is too 
weak'[39m[33m,[39m [36masync[39m () [33m=>[39m {
     [90m 105 |[39m     render()[33m;[39m
    [31m[1m>[22m[39m[90m 106 |[39m     [36mawait[39m 
userEvent[33m.[39mtype(screen[33m.[39mgetByPlaceholderText([35m/current 
password/i[39m)[33m,[39m [32m'OldPass@1'[39m)[33m;[39m
     [90m     |[39m                                 [31m[1m^[22m[39m
     [90m 107 |[39m     [36mawait[39m 
userEvent[33m.[39mtype(screen[33m.[39mgetByPlaceholderText([35m/^enter 
new password/i[39m)[33m,[39m [32m'weak'[39m)[33m;[39m
     [90m 108 |[39m     [36mawait[39m 
userEvent[33m.[39mtype(screen[33m.[39mgetByPlaceholderText([35m/confirm 
new password/i[39m)[33m,[39m [32m'weak'[39m)[33m;[39m
     [90m 109 |[39m     fireEvent[33m.[39mclick(screen[33m.[39mgetByRole(
[32m'button'[39m[33m,[39m { name[33m:[39m [35m/update password/i[39m 
}))[33m;[39m[0m

      at Object.getElementError 
(node_modules/@testing-library/dom/dist/config.js:37:19)
      at node_modules/@testing-library/dom/dist/query-helpers.js:76:38
      at node_modules/@testing-library/dom/dist/query-helpers.js:52:17
      at node_modules/@testing-library/dom/dist/query-helpers.js:95:19
      at Object.getByPlaceholderText 
(src/tests/integration/Settings.test.jsx:106:33)

  ÔùÅ Settings page ÔÇ║ shows Delete Account button in the danger zone

    TestingLibraryElementError: Unable to find an accessible element with the 
role "button" and name `/delete account/i`

    There are no accessible roles. But there might be some inaccessible roles. 
If you wish to access them, then set the `hidden` option to `true`. Learn more 
about this here: 
https://testing-library.com/docs/dom-testing-library/api-queries#byrole

    Ignored nodes: comments, script, style
    [36m<body>[39m
      [36m<div>[39m
        [36m<div[39m
          [33mclass[39m=[32m"flex items-center justify-center 
min-h-screen"[39m
        [36m>[39m
          [36m<div[39m
            [33mclass[39m=[32m"w-8 h-8 border-2 border-emerald-500 
border-t-transparent rounded-full animate-spin"[39m
          [36m/>[39m
        [36m</div>[39m
      [36m</div>[39m
    [36m</body>[39m

    [0m [90m 117 |[39m   it([32m'shows Delete Account button in the danger 
zone'[39m[33m,[39m () [33m=>[39m {
     [90m 118 |[39m     render()[33m;[39m
    [31m[1m>[22m[39m[90m 119 |[39m     
expect(screen[33m.[39mgetByRole([32m'button'[39m[33m,[39m { 
name[33m:[39m [35m/delete account/i[39m 
}))[33m.[39mtoBeInTheDocument()[33m;[39m
     [90m     |[39m                   [31m[1m^[22m[39m
     [90m 120 |[39m   })[33m;[39m
     [90m 121 |[39m
     [90m 122 |[39m   it([32m'shows delete confirmation modal when Delete 
Account is clicked'[39m[33m,[39m [36masync[39m () [33m=>[39m {[0m

      at Object.getElementError 
(node_modules/@testing-library/dom/dist/config.js:37:19)
      at node_modules/@testing-library/dom/dist/query-helpers.js:76:38
      at node_modules/@testing-library/dom/dist/query-helpers.js:52:17
      at node_modules/@testing-library/dom/dist/query-helpers.js:95:19
      at Object.getByRole (src/tests/integration/Settings.test.jsx:119:19)

  ÔùÅ Settings page ÔÇ║ shows delete confirmation modal when Delete Account is 
clicked

    TestingLibraryElementError: Unable to find an accessible element with the 
role "button" and name `/delete account/i`

    There are no accessible roles. But there might be some inaccessible roles. 
If you wish to access them, then set the `hidden` option to `true`. Learn more 
about this here: 
https://testing-library.com/docs/dom-testing-library/api-queries#byrole

    Ignored nodes: comments, script, style
    [36m<body>[39m
      [36m<div>[39m
        [36m<div[39m
          [33mclass[39m=[32m"flex items-center justify-center 
min-h-screen"[39m
        [36m>[39m
          [36m<div[39m
            [33mclass[39m=[32m"w-8 h-8 border-2 border-emerald-500 
border-t-transparent rounded-full animate-spin"[39m
          [36m/>[39m
        [36m</div>[39m
      [36m</div>[39m
    [36m</body>[39m

    [0m [90m 122 |[39m   it([32m'shows delete confirmation modal when 
Delete Account is clicked'[39m[33m,[39m [36masync[39m () [33m=>[39m {
     [90m 123 |[39m     render()[33m;[39m
    [31m[1m>[22m[39m[90m 124 |[39m     fireEvent[33m.[39mclick(screen[
33m.[39mgetByRole([32m'button'[39m[33m,[39m { name[33m:[39m 
[35m/delete account/i[39m }))[33m;[39m
     [90m     |[39m                            [31m[1m^[22m[39m
     [90m 125 |[39m     [36mawait[39m waitFor(() [33m=>[39m {
     [90m 126 |[39m       expect(screen[33m.[39mgetByText([35m/confirm 
account deletion|type delete/i[39m))[33m.[39mtoBeInTheDocument()[33m;[39m
     [90m 127 |[39m     })[33m;[39m[0m

      at Object.getElementError 
(node_modules/@testing-library/dom/dist/config.js:37:19)
      at node_modules/@testing-library/dom/dist/query-helpers.js:76:38
      at node_modules/@testing-library/dom/dist/query-helpers.js:52:17
      at node_modules/@testing-library/dom/dist/query-helpers.js:95:19
      at Object.getByRole (src/tests/integration/Settings.test.jsx:124:28)

  ÔùÅ Settings page ÔÇ║ does not delete account if confirmation text is wrong

    TestingLibraryElementError: Unable to find an accessible element with the 
role "button" and name `/delete account/i`

    There are no accessible roles. But there might be some inaccessible roles. 
If you wish to access them, then set the `hidden` option to `true`. Learn more 
about this here: 
https://testing-library.com/docs/dom-testing-library/api-queries#byrole

    Ignored nodes: comments, script, style
    [36m<body>[39m
      [36m<div>[39m
        [36m<div[39m
          [33mclass[39m=[32m"flex items-center justify-center 
min-h-screen"[39m
        [36m>[39m
          [36m<div[39m
            [33mclass[39m=[32m"w-8 h-8 border-2 border-emerald-500 
border-t-transparent rounded-full animate-spin"[39m
          [36m/>[39m
        [36m</div>[39m
      [36m</div>[39m
    [36m</body>[39m

    [0m [90m 131 |[39m     [36mconst[39m { [36mdefault[39m[33m:[39m 
api } [33m=[39m require([32m'@services/api'[39m)[33m;[39m
     [90m 132 |[39m     render()[33m;[39m
    [31m[1m>[22m[39m[90m 133 |[39m     fireEvent[33m.[39mclick(screen[
33m.[39mgetByRole([32m'button'[39m[33m,[39m { name[33m:[39m 
[35m/delete account/i[39m }))[33m;[39m
     [90m     |[39m                            [31m[1m^[22m[39m
     [90m 134 |[39m     [36mawait[39m waitFor(() [33m=>[39m 
screen[33m.[39mgetByText([35m/confirm account deletion|type 
delete/i[39m))[33m;[39m
     [90m 135 |[39m
     [90m 136 |[39m     [36mconst[39m input [33m=[39m 
screen[33m.[39mgetByPlaceholderText([35m/delete/i[39m)[33m;[39m[0m

      at Object.getElementError 
(node_modules/@testing-library/dom/dist/config.js:37:19)
      at node_modules/@testing-library/dom/dist/query-helpers.js:76:38
      at node_modules/@testing-library/dom/dist/query-helpers.js:52:17
      at node_modules/@testing-library/dom/dist/query-helpers.js:95:19
      at Object.getByRole (src/tests/integration/Settings.test.jsx:133:28)

  ÔùÅ Settings page ÔÇ║ saves notification settings successfully

    TestingLibraryElementError: Unable to find an accessible element with the 
role "button" and name `/notifications/i`

    There are no accessible roles. But there might be some inaccessible roles. 
If you wish to access them, then set the `hidden` option to `true`. Learn more 
about this here: 
https://testing-library.com/docs/dom-testing-library/api-queries#byrole

    Ignored nodes: comments, script, style
    [36m<body>[39m
      [36m<div>[39m
        [36m<div[39m
          [33mclass[39m=[32m"flex items-center justify-center 
min-h-screen"[39m
        [36m>[39m
          [36m<div[39m
            [33mclass[39m=[32m"w-8 h-8 border-2 border-emerald-500 
border-t-transparent rounded-full animate-spin"[39m
          [36m/>[39m
        [36m</div>[39m
      [36m</div>[39m
    [36m</body>[39m

    [0m [90m 148 |[39m     [36mconst[39m toastMock [33m=[39m 
require([32m'@hooks/useToast'[39m)[33m.[39museToast()[33m;[39m
     [90m 149 |[39m     render()[33m;[39m
    [31m[1m>[22m[39m[90m 150 |[39m     fireEvent[33m.[39mclick(screen[
33m.[39mgetByRole([32m'button'[39m[33m,[39m { name[33m:[39m 
[35m/notifications/i[39m }))[33m;[39m
     [90m     |[39m                            [31m[1m^[22m[39m
     [90m 151 |[39m     [36mawait[39m waitFor(() [33m=>[39m 
screen[33m.[39mgetByText([35m/notification channels/i[39m))[33m;[39m
     [90m 152 |[39m
     [90m 153 |[39m     fireEvent[33m.[39mclick(screen[33m.[39mgetByRole(
[32m'button'[39m[33m,[39m { name[33m:[39m [35m/save notification 
settings/i[39m }))[33m;[39m[0m

      at Object.getElementError 
(node_modules/@testing-library/dom/dist/config.js:37:19)
      at node_modules/@testing-library/dom/dist/query-helpers.js:76:38
      at node_modules/@testing-library/dom/dist/query-helpers.js:52:17
      at node_modules/@testing-library/dom/dist/query-helpers.js:95:19
      at Object.getByRole (src/tests/integration/Settings.test.jsx:150:28)

  ÔùÅ Settings page ÔÇ║ adds a token to the watchlist

    TestingLibraryElementError: Unable to find an accessible element with the 
role "button" and name `/preferences/i`

    There are no accessible roles. But there might be some inaccessible roles. 
If you wish to access them, then set the `hidden` option to `true`. Learn more 
about this here: 
https://testing-library.com/docs/dom-testing-library/api-queries#byrole

    Ignored nodes: comments, script, style
    [36m<body>[39m
      [36m<div>[39m
        [36m<div[39m
          [33mclass[39m=[32m"flex items-center justify-center 
min-h-screen"[39m
        [36m>[39m
          [36m<div[39m
            [33mclass[39m=[32m"w-8 h-8 border-2 border-emerald-500 
border-t-transparent rounded-full animate-spin"[39m
          [36m/>[39m
        [36m</div>[39m
      [36m</div>[39m
    [36m</body>[39m

    [0m [90m 161 |[39m   it([32m'adds a token to the 
watchlist'[39m[33m,[39m [36masync[39m () [33m=>[39m {
     [90m 162 |[39m     render()[33m;[39m
    [31m[1m>[22m[39m[90m 163 |[39m     fireEvent[33m.[39mclick(screen[
33m.[39mgetByRole([32m'button'[39m[33m,[39m { name[33m:[39m 
[35m/preferences/i[39m }))[33m;[39m
     [90m     |[39m                            [31m[1m^[22m[39m
     [90m 164 |[39m     [36mawait[39m waitFor(() [33m=>[39m 
screen[33m.[39mgetByText([35m/watchlist|alert 
preferences/i[39m))[33m;[39m
     [90m 165 |[39m
     [90m 166 |[39m     [36mconst[39m input [33m=[39m 
screen[33m.[39mgetByPlaceholderText([35m/BTC, ETH/i[39m)[33m;[39m[0m

      at Object.getElementError 
(node_modules/@testing-library/dom/dist/config.js:37:19)
      at node_modules/@testing-library/dom/dist/query-helpers.js:76:38
      at node_modules/@testing-library/dom/dist/query-helpers.js:52:17
      at node_modules/@testing-library/dom/dist/query-helpers.js:95:19
      at Object.getByRole (src/tests/integration/Settings.test.jsx:163:28)

  ÔùÅ Settings page ÔÇ║ shows error when adding an invalid token symbol

    TestingLibraryElementError: Unable to find an accessible element with the 
role "button" and name `/preferences/i`

    There are no accessible roles. But there might be some inaccessible roles. 
If you wish to access them, then set the `hidden` option to `true`. Learn more 
about this here: 
https://testing-library.com/docs/dom-testing-library/api-queries#byrole

    Ignored nodes: comments, script, style
    [36m<body>[39m
      [36m<div>[39m
        [36m<div[39m
          [33mclass[39m=[32m"flex items-center justify-center 
min-h-screen"[39m
        [36m>[39m
          [36m<div[39m
            [33mclass[39m=[32m"w-8 h-8 border-2 border-emerald-500 
border-t-transparent rounded-full animate-spin"[39m
          [36m/>[39m
        [36m</div>[39m
      [36m</div>[39m
    [36m</body>[39m

    [0m [90m 175 |[39m   it([32m'shows error when adding an invalid token 
symbol'[39m[33m,[39m [36masync[39m () [33m=>[39m {
     [90m 176 |[39m     render()[33m;[39m
    [31m[1m>[22m[39m[90m 177 |[39m     fireEvent[33m.[39mclick(screen[
33m.[39mgetByRole([32m'button'[39m[33m,[39m { name[33m:[39m 
[35m/preferences/i[39m }))[33m;[39m
     [90m     |[39m                            [31m[1m^[22m[39m
     [90m 178 |[39m     [36mawait[39m waitFor(() [33m=>[39m 
screen[33m.[39mgetByText([35m/watchlist|alert 
preferences/i[39m))[33m;[39m
     [90m 179 |[39m
     [90m 180 |[39m     [36mconst[39m input [33m=[39m 
screen[33m.[39mgetByPlaceholderText([35m/BTC, ETH/i[39m)[33m;[39m[0m

      at Object.getElementError 
(node_modules/@testing-library/dom/dist/config.js:37:19)
      at node_modules/@testing-library/dom/dist/query-helpers.js:76:38
      at node_modules/@testing-library/dom/dist/query-helpers.js:52:17
      at node_modules/@testing-library/dom/dist/query-helpers.js:95:19
      at Object.getByRole (src/tests/integration/Settings.test.jsx:177:28)

  ÔùÅ Settings page ÔÇ║ calls changePassword on successful form submit

    TestingLibraryElementError: Unable to find an element with the placeholder 
text of: /current password/i

    Ignored nodes: comments, script, style
    [36m<body>[39m
      [36m<div>[39m
        [36m<div[39m
          [33mclass[39m=[32m"flex items-center justify-center 
min-h-screen"[39m
        [36m>[39m
          [36m<div[39m
            [33mclass[39m=[32m"w-8 h-8 border-2 border-emerald-500 
border-t-transparent rounded-full animate-spin"[39m
          [36m/>[39m
        [36m</div>[39m
      [36m</div>[39m
    [36m</body>[39m

    [0m [90m 194 |[39m
     [90m 195 |[39m     render()[33m;[39m
    [31m[1m>[22m[39m[90m 196 |[39m     [36mawait[39m 
userEvent[33m.[39mtype(screen[33m.[39mgetByPlaceholderText([35m/current 
password/i[39m)[33m,[39m [32m'CurrPass@1'[39m)[33m;[39m
     [90m     |[39m                                 [31m[1m^[22m[39m
     [90m 197 |[39m     [36mawait[39m 
userEvent[33m.[39mtype(screen[33m.[39mgetByPlaceholderText([35m/^enter 
new password/i[39m)[33m,[39m [32m'NewPass@1'[39m)[33m;[39m
     [90m 198 |[39m     [36mawait[39m 
userEvent[33m.[39mtype(screen[33m.[39mgetByPlaceholderText([35m/confirm 
new password/i[39m)[33m,[39m [32m'NewPass@1'[39m)[33m;[39m
     [90m 199 |[39m     fireEvent[33m.[39mclick(screen[33m.[39mgetByRole(
[32m'button'[39m[33m,[39m { name[33m:[39m [35m/update password/i[39m 
}))[33m;[39m[0m

      at Object.getElementError 
(node_modules/@testing-library/dom/dist/config.js:37:19)
      at node_modules/@testing-library/dom/dist/query-helpers.js:76:38
      at node_modules/@testing-library/dom/dist/query-helpers.js:52:17
      at node_modules/@testing-library/dom/dist/query-helpers.js:95:19
      at Object.getByPlaceholderText 
(src/tests/integration/Settings.test.jsx:196:33)

PASS src/tests/unit/Button.test.jsx
PASS src/tests/unit/FormInput.test.jsx
PASS src/tests/a11y/accessibility.test.jsx (5.795 s)
  ÔùÅ Console

    console.warn
      ÔÜá´©Å React Router Future Flag Warning: React Router will begin 
wrapping state updates in `React.startTransition` in v7. You can use the 
`v7_startTransition` future flag to opt-in early. For more information, see 
https://reactrouter.com/v6/upgrading/future#v7_starttransition.

      81 | describe('Accessibility: NotFound page', () => {
      82 |   it('has no axe violations', async () => {
    > 83 |     const { container } = render(
         |                                 ^
      84 |       <MemoryRouter>
      85 |         <NotFound />
      86 |       </MemoryRouter>

      at warn (node_modules/react-router/lib/deprecations.ts:9:13)
      at warnOnce (node_modules/react-router/lib/deprecations.ts:14:3)
      at logDeprecation (node_modules/react-router/lib/deprecations.ts:26:5)
      at logV6DeprecationWarnings 
(node_modules/react-router/lib/components.tsx:257:25)
      at commitHookEffectListMount 
(node_modules/react-dom/cjs/react-dom.development.js:23189:26)
      at commitPassiveMountOnFiber 
(node_modules/react-dom/cjs/react-dom.development.js:24970:11)
      at commitPassiveMountEffects_complete 
(node_modules/react-dom/cjs/react-dom.development.js:24930:9)
      at commitPassiveMountEffects_begin 
(node_modules/react-dom/cjs/react-dom.development.js:24917:7)
      at commitPassiveMountEffects 
(node_modules/react-dom/cjs/react-dom.development.js:24905:3)
      at flushPassiveEffectsImpl 
(node_modules/react-dom/cjs/react-dom.development.js:27078:3)
      at flushPassiveEffects 
(node_modules/react-dom/cjs/react-dom.development.js:27023:14)
      at node_modules/react-dom/cjs/react-dom.development.js:26808:9
      at flushActQueue (node_modules/react/cjs/react.development.js:2667:24)
      at act (node_modules/react/cjs/react.development.js:2582:11)
      at node_modules/@testing-library/react/dist/act-compat.js:47:25
      at renderRoot (node_modules/@testing-library/react/dist/pure.js:180:26)
      at render (node_modules/@testing-library/react/dist/pure.js:271:10)
      at Object.<anonymous> (src/tests/a11y/accessibility.test.jsx:83:33)

    console.warn
      ÔÜá´©Å React Router Future Flag Warning: Relative route resolution 
within Splat routes is changing in v7. You can use the `v7_relativeSplatPath` 
future flag to opt-in early. For more information, see 
https://reactrouter.com/v6/upgrading/future#v7_relativesplatpath.

      81 | describe('Accessibility: NotFound page', () => {
      82 |   it('has no axe violations', async () => {
    > 83 |     const { container } = render(
         |                                 ^
      84 |       <MemoryRouter>
      85 |         <NotFound />
      86 |       </MemoryRouter>

      at warn (node_modules/react-router/lib/deprecations.ts:9:13)
      at warnOnce (node_modules/react-router/lib/deprecations.ts:14:3)
      at logDeprecation (node_modules/react-router/lib/deprecations.ts:37:5)
      at logV6DeprecationWarnings 
(node_modules/react-router/lib/components.tsx:257:25)
      at commitHookEffectListMount 
(node_modules/react-dom/cjs/react-dom.development.js:23189:26)
      at commitPassiveMountOnFiber 
(node_modules/react-dom/cjs/react-dom.development.js:24970:11)
      at commitPassiveMountEffects_complete 
(node_modules/react-dom/cjs/react-dom.development.js:24930:9)
      at commitPassiveMountEffects_begin 
(node_modules/react-dom/cjs/react-dom.development.js:24917:7)
      at commitPassiveMountEffects 
(node_modules/react-dom/cjs/react-dom.development.js:24905:3)
      at flushPassiveEffectsImpl 
(node_modules/react-dom/cjs/react-dom.development.js:27078:3)
      at flushPassiveEffects 
(node_modules/react-dom/cjs/react-dom.development.js:27023:14)
      at node_modules/react-dom/cjs/react-dom.development.js:26808:9
      at flushActQueue (node_modules/react/cjs/react.development.js:2667:24)
      at act (node_modules/react/cjs/react.development.js:2582:11)
      at node_modules/@testing-library/react/dist/act-compat.js:47:25
      at renderRoot (node_modules/@testing-library/react/dist/pure.js:180:26)
      at render (node_modules/@testing-library/react/dist/pure.js:271:10)
      at Object.<anonymous> (src/tests/a11y/accessibility.test.jsx:83:33)

PASS src/tests/integration/AlertHistory.test.jsx (11.507 s)
PASS src/tests/integration/Login.test.jsx (7.482 s)
--------------------------------|---------|----------|---------|---------|-----------------------------------------------------------------------------------------
File                            | % Stmts | % Branch | % Funcs | % Lines | Uncovered Line #s                                                                       
--------------------------------|---------|----------|---------|---------|-----------------------------------------------------------------------------------------
All files                       |   30.43 |    29.26 |   22.62 |   31.71 |                                                                                         
 src                            |       0 |        0 |       0 |       0 |                                                                                         
  App.jsx                       |       0 |        0 |       0 |       0 | 14-81                                                                                   
 src/components/auth            |   94.44 |    84.61 |     100 |   94.44 |                                                                                         
  ProtectedRoute.jsx            |   94.44 |    84.61 |     100 |   94.44 | 38                                                                                      
 src/components/common          |   60.15 |    86.71 |    60.6 |   61.78 |                                                                                         
  AnimatedTradingBackground.jsx |       0 |        0 |       0 |       0 | 14-160                                                                                  
  Button.jsx                    |    87.5 |    92.85 |      50 |    87.5 | 72                                                                                      
  FormInput.jsx                 |     100 |    95.58 |     100 |     100 | 131,150,198                                                                             
  RouteErrorBoundary.jsx        |     100 |       75 |     100 |     100 | 12                                                                                      
  Tooltip.jsx                   |     100 |    92.85 |     100 |     100 | 29                                                                                      
  UI.jsx                        |     100 |     90.9 |     100 |     100 | 42,137                                                                                  
 src/components/dashboard       |   23.35 |    15.24 |   14.58 |      24 |                                                                                         
  AlertCard.jsx                 |       0 |        0 |       0 |       0 | 20-196                                                                                  
  AlertDetailModal.jsx          |   58.18 |     43.1 |   46.66 |      60 | 89-90,97-112,256-323                                                                    
  FilterSidebar.jsx             |       0 |        0 |       0 |       0 | 12-348                                                                                  
  RealtimeAlertAggregation.jsx  |       0 |        0 |       0 |       0 | 4-119                                                                                   
 src/components/layout          |       0 |        0 |       0 |       0 |                                                                                         
  Footer.jsx                    |       0 |      100 |       0 |       0 | 4-72                                                                                    
  Header.jsx                    |       0 |        0 |       0 |       0 | 7-295                                                                                   
 src/components/marketing       |       0 |        0 |       0 |       0 |                                                                                         
  ConversonComponents.jsx       |       0 |        0 |       0 |       0 | 8-313                                                                                   
 src/contexts                   |   61.16 |    47.36 |   66.66 |   60.78 |                                                                                         
  AuthContext.jsx               |   61.16 |    47.36 |   66.66 |   60.78 | 37,101-115,120-134,139-149,154-164                                                      
 src/hooks                      |    1.26 |     1.04 |    0.79 |    1.45 |                                                                                         
  useAdmin.js                   |       0 |        0 |       0 |       0 | 4-55                                                                                    
  useAlerts.js                  |       0 |        0 |       0 |       0 | 9-112                                                                                   
  useAuth.js                    |      80 |       50 |     100 |      80 | 7                                                                                       
  useMagnetic.js                |       0 |        0 |       0 |       0 |                                                                                         
  useMarketingHooks.js          |       0 |        0 |       0 |       0 | 8-131                                                                                   
  useRealtimeAlerts.js          |       0 |        0 |       0 |       0 | 7-89                                                                                    
  useSocket.js                  |       0 |        0 |       0 |       0 | 5-33                                                                                    
  useToast.jsx                  |       0 |        0 |       0 |       0 | 6-129                                                                                   
  useWebSocket.js               |       0 |        0 |       0 |       0 | 6-87                                                                                    
 src/pages                      |   22.91 |    20.03 |   17.02 |   24.19 |                                                                                         
  Admin.jsx                     |       0 |        0 |       0 |       0 | 20-322                                                                                  
  AlertHistory.jsx              |   52.14 |     63.3 |    47.5 |   52.75 | 131-133,143-149,154-155,161-174,179-213,246-252,261,288,305-340                         
  Dashboard.jsx                 |       0 |        0 |       0 |       0 | 29-622                                                                                  
  ErrorPage.jsx                 |       0 |      100 |       0 |       0 | 4-11                                                                                    
  Landing.jsx                   |       0 |        0 |       0 |       0 | 7-617                                                                                   
  Login.jsx                     |    89.7 |    83.33 |   91.66 |   88.33 | 34,79,81,83,85,89,174                                                                   
  NotFound.jsx                  |     100 |      100 |     100 |     100 |                                                                                         
  Register.jsx                  |       0 |        0 |       0 |       0 | 8-275                                                                                   
  Settings.jsx                  |   24.27 |    10.56 |   14.81 |   26.48 | 38-54,58-61,116,132-151,158-177,182-196,201-231,236-265,270-286,294-296,301-304,336-616 
 src/services                   |   28.41 |    26.62 |   23.91 |   29.09 |                                                                                         
  alertsService.js              |   92.85 |    81.25 |     100 |     100 | 16,27-30,39                                                                             
  api.js                        |      16 |        0 |       0 |   17.02 | 30-31,40-41,45-46,50-52,60-63,68-90,96-134,141-206                                      
  authService.js                |   76.59 |    73.07 |   66.66 |   79.54 | 117-129                                                                                 
  feedbackService.js            |       0 |        0 |       0 |       0 | 3-21                                                                                    
  metricsService.js             |       0 |        0 |       0 |       0 | 3-116                                                                                   
  socketManager.js              |       0 |        0 |       0 |       0 | 6-116                                                                                   
  userService.js                |       0 |        0 |       0 |       0 | 3-112                                                                                   
 src/utils                      |    96.6 |    94.11 |     100 |   97.79 |                                                                                         
  constants.js                  |     100 |       75 |     100 |     100 | 7                                                                                       
  helpers.js                    |   94.92 |    94.64 |     100 |   96.63 | 192,201-202,210                                                                         
  tokenUtils.js                 |     100 |      100 |     100 |     100 |                                                                                         
--------------------------------|---------|----------|---------|---------|-----------------------------------------------------------------------------------------
Jest: "global" coverage threshold for statements (70%) not met: 30.43%
Jest: "global" coverage threshold for branches (60%) not met: 29.26%
Jest: "global" coverage threshold for lines (70%) not met: 31.71%
Jest: "global" coverage threshold for functions (65%) not met: 22.62%

Test Suites: 3 failed, 13 passed, 16 total
Tests:       17 failed, 277 passed, 294 total
Snapshots:   0 total
Time:        21.244 s
Ran all test suites.
